[0m22:44:13.216259 [debug] [MainThread]: Sending event: {'category': 'dbt', 'action': 'invocation', 'label': 'start', 'context': [<snowplow_tracker.self_describing_json.SelfDescribingJson object at 0x0000019A45C7EA90>, <snowplow_tracker.self_describing_json.SelfDescribingJson object at 0x0000019A46192BD0>, <snowplow_tracker.self_describing_json.SelfDescribingJson object at 0x0000019A46143010>]}


============================== 22:44:13.223421 | a9bac74c-a844-4e7f-8197-a3f4d3a43743 ==============================
[0m22:44:13.223421 [info ] [MainThread]: Running with dbt=1.5.1
[0m22:44:13.225421 [debug] [MainThread]: running dbt with arguments {'printer_width': '80', 'indirect_selection': 'eager', 'write_json': 'True', 'log_cache_events': 'False', 'partial_parse': 'True', 'cache_selected_only': 'False', 'profiles_dir': 'C:\\Users\\User01\\.dbt', 'fail_fast': 'False', 'warn_error': 'None', 'log_path': 'logs', 'version_check': 'True', 'debug': 'False', 'use_colors': 'True', 'use_experimental_parser': 'False', 'no_print': 'None', 'quiet': 'False', 'warn_error_options': 'WarnErrorOptions(include=[], exclude=[])', 'introspect': 'True', 'static_parser': 'True', 'log_format': 'default', 'target_path': 'None', 'send_anonymous_usage_stats': 'True'}
[0m22:44:13.236425 [warn ] [MainThread]: [ConfigFolderDirectory]: Unable to parse dict {'dir': WindowsPath('C:/Users/User01/.dbt')}
[0m22:44:13.237565 [info ] [MainThread]: Creating dbt configuration folder at 
[0m22:45:13.791693 [debug] [MainThread]: Starter project path: C:\Users\User01\Documents\PROJECTS\kc-dbt-project\kc-dbt-tutorial\dbt-venv\Lib\site-packages\dbt\include\starter_project
[0m22:46:52.677950 [info ] [MainThread]: Profile dbt_project written to C:\Users\User01\.dbt\profiles.yml using target's sample configuration. Once updated, you'll be able to start developing with dbt.
[0m22:46:52.683006 [info ] [MainThread]: 
Your new dbt project "dbt_project" was created!

For more information on how to configure the profiles.yml file,
please consult the dbt documentation here:

  https://docs.getdbt.com/docs/configure-your-profile

One more thing:

Need help? Don't hesitate to reach out to us via GitHub issues or on Slack:

  https://community.getdbt.com/

Happy modeling!

[0m22:46:52.683904 [debug] [MainThread]: Command `dbt init` succeeded at 22:46:52.683904 after 159.49 seconds
[0m22:46:52.691416 [debug] [MainThread]: Sending event: {'category': 'dbt', 'action': 'invocation', 'label': 'end', 'context': [<snowplow_tracker.self_describing_json.SelfDescribingJson object at 0x0000019A45BC8650>, <snowplow_tracker.self_describing_json.SelfDescribingJson object at 0x0000019A46383610>, <snowplow_tracker.self_describing_json.SelfDescribingJson object at 0x0000019A46251A50>]}
[0m22:46:52.694173 [debug] [MainThread]: Flushing usage events
